[cc0cd] 拉取配置中心 https://tv.cc0cd.cc.cd ...
[cc0cd] 配置中心共 1431 个源，本次启用 4 个白名单源
[cc0cd] [360] 类型映射 电影:电影,动作片,喜剧片 | 剧集:连续剧,国产剧,香港剧 | 综艺:综艺,大陆综艺,港台综艺 | 动漫:动漫,动画片,国产动漫
[cc0cd] [360][电影][动作片] 列表第1/192页，20 条
[cc0cd] [360][电影][喜剧片] 列表第1/202页，20 条
[cc0cd] [360][电影][爱情片] 列表第1/50页，20 条
[cc0cd] [360][电影][科幻片] 列表第1/36页，20 条
[cc0cd] [360][电影][恐怖片] 列表第1/24页，20 条
[cc0cd] [360][电影][剧情片] 列表第1/829页，20 条
[cc0cd] [360][电影][战争片] 列表第1/11页，20 条
[cc0cd] [360][剧集][国产剧] 列表第1/220页，20 条
[cc0cd] [360][剧集][香港剧] 列表第1/5页，20 条
[cc0cd] [360][剧集][韩国剧] 列表第1/16页，20 条
[cc0cd] [360][剧集][欧美剧] 列表第1/41页，20 条
[cc0cd] [360][电影][惊悚片] 列表第1/34页，20 条
[cc0cd] [360][电影][古装片] 列表第1/5页，20 条
[cc0cd] [360][电影][历史片] 列表第1/4页，20 条
[cc0cd] [360][电影][悬疑片] 列表第1/39页，20 条
[cc0cd] [360][电影][犯罪片] 列表第1/33页，20 条
[cc0cd] [360][电影][灾难片] 列表第1/1页，10 条
[cc0cd] [360][电影][纪录片] 列表第1/33页，20 条
[cc0cd] [360][电影][短片] 列表第1/10页，20 条
[cc0cd] [360][动漫][动画片] 列表第1/25页，20 条
[cc0cd] [360][剧集][台湾剧] 列表第1/9页，20 条
[cc0cd] [360][剧集][日本剧] 列表第1/21页，20 条
[cc0cd] [360][剧集][海外剧] 列表第1/6页，20 条
[cc0cd] [360][剧集][泰国剧] 列表第1/14页，20 条
[cc0cd] [360][综艺][大陆综艺] 列表第1/76页，20 条
[cc0cd] [360][综艺][港台综艺] 列表第1/3页，20 条
[cc0cd] [360][综艺][日韩综艺] 列表第1/9页，20 条
[cc0cd] [360][综艺][欧美综艺] 列表第1/1页，9 条
[cc0cd] [360][动漫][国产动漫] 列表第1/133页，20 条
[cc0cd] [360][动漫][欧美动漫] 列表第1/4页，20 条
[cc0cd] [360][动漫][日韩动漫] 列表第1/68页，20 条
[cc0cd] [360][电影][西部片] 列表第1/3页，20 条
[cc0cd] [旺旺] 类型映射 电影:电影,动作片,喜剧片 | 剧集:电视剧,国产剧,欧美剧 | 综艺:综艺,大陆综艺,日韩综艺 | 动漫:动漫,国产动漫,日韩动漫
[cc0cd] [旺旺][电影][动作片] 列表第1/252页，20 条
[cc0cd] [旺旺][电影][喜剧片] 列表第1/71页，20 条
[cc0cd] [旺旺][电影][爱情片] 列表第1/69页，20 条
[cc0cd] [旺旺][电影][科幻片] 列表第1/61页，20 条
[cc0cd] [旺旺][电影][恐怖片] 列表第1/236页，20 条
[cc0cd] [旺旺][电影][剧情片] 列表第1/1140页，20 条
[cc0cd] [旺旺][电影][战争片] 列表第1/21页，20 条
[cc0cd] [旺旺][剧集][国产剧] 列表第1/240页，20 条
[cc0cd] [旺旺][剧集][欧美剧] 列表第1/38页，20 条
[cc0cd] [旺旺][剧集][韩国剧] 列表第1/45页，20 条
[cc0cd] [旺旺][剧集][日本剧] 列表第1/43页，20 条
[cc0cd] [旺旺][剧集][港台剧] 列表第1/82页，20 条
[cc0cd] [旺旺][剧集][台湾剧] 列表第1/11页，20 条
[cc0cd] [旺旺][剧集][泰国剧] 列表第1/41页，20 条
[cc0cd] [旺旺][电影][纪录片] 列表第1/119页，20 条
[cc0cd] [旺旺][剧集][海外剧] 列表第1/5页，20 条
[cc0cd] [旺旺][综艺][大陆综艺] 列表第1/18页，20 条
[cc0cd] [旺旺][综艺][日韩综艺] 列表第1/9页，20 条
[cc0cd] [旺旺][综艺][港台综艺] 列表第1/3页，20 条
[cc0cd] [旺旺][综艺][欧美综艺] 列表第1/3页，20 条
[cc0cd] [旺旺][动漫][国产动漫] 列表第1/26页，20 条
[cc0cd] [旺旺][动漫][日韩动漫] 列表第1/43页，20 条
[cc0cd] [旺旺][动漫][欧美动漫] 列表第1/53页，20 条
[cc0cd] [旺旺][动漫][动画片] 列表第1/65页，20 条
[cc0cd] [旺旺][动漫][港台动漫] 列表第1/2页，20 条
[cc0cd] [旺旺][剧集][反转爽剧] 列表第1/210页，20 条
[cc0cd] [如意] 类型映射 电影:电影片,动作片,喜剧片 | 剧集:连续剧,国产剧,香港剧 | 综艺:综艺片,大陆综艺,港台综艺 | 动漫:动漫片,国产动漫,日韩动漫
[cc0cd] [如意][电影][电影片] 列表第1/1页，1 条
[cc0cd] [如意][综艺][综艺片] 列表第1/1页，3 条
[cc0cd] [如意][电影][动作片] 列表第1/162页，20 条
[cc0cd] [如意][电影][喜剧片] 列表第1/207页，20 条
[cc0cd] [如意][电影][爱情片] 列表第1/113页，20 条
[cc0cd] [如意][电影][科幻片] 列表第1/40页，20 条
[cc0cd] [如意][电影][恐怖片] 列表第1/119页，20 条
[cc0cd] [如意][电影][剧情片] 列表第1/411页，20 条
[cc0cd] [如意][电影][战争片] 列表第1/29页，20 条
[cc0cd] [如意][剧集][国产剧] 列表第1/198页，20 条
[cc0cd] [如意][剧集][香港剧] 列表第1/14页，20 条
[cc0cd] [如意][剧集][韩国剧] 列表第1/57页，20 条
[cc0cd] [如意][剧集][欧美剧] 列表第1/115页，20 条
[cc0cd] [如意][电影][记录片] 列表第1/76页，20 条
[cc0cd] [如意][剧集][台湾剧] 列表第1/11页，20 条
[cc0cd] [如意][剧集][日本剧] 列表第1/63页，20 条
[cc0cd] [如意][剧集][海外剧] 列表第1/18页，20 条
[cc0cd] [如意][剧集][泰国剧] 列表第1/31页，20 条
[cc0cd] [如意][综艺][大陆综艺] 列表第1/163页，20 条
[cc0cd] [如意][综艺][港台综艺] 列表第1/15页，20 条
[cc0cd] [如意][综艺][日韩综艺] 列表第1/21页，20 条
[cc0cd] [如意][综艺][欧美综艺] 列表第1/18页，20 条
[cc0cd] [如意][动漫][国产动漫] 列表第1/80页，20 条
[cc0cd] [如意][动漫][日韩动漫] 列表第1/156页，20 条
[cc0cd] [如意][动漫][欧美动漫] 列表第1/29页，20 条
[cc0cd] [如意][动漫][港台动漫] 列表第1/1页，9 条
[cc0cd] [如意][动漫][海外动漫] 列表第1/2页，20 条
[cc0cd] [如意][电影][预告片] 列表第1/3页，20 条
[cc0cd] [如意][动漫][动画电影] 列表第1/76页，20 条
[cc0cd] [率率] 类型映射 电影:电影,动作片,喜剧片 | 剧集:电视剧,国产剧,欧美剧 | 综艺:综艺,大陆综艺,日韩综艺 | 动漫:动漫,国产动漫,日韩动漫
[cc0cd] [率率][电影][动作片] 列表第1/283页，20 条
[cc0cd] [率率][电影][喜剧片] 列表第1/465页，20 条
[cc0cd] [率率][电影][爱情片] 列表第1/70页，20 条
[cc0cd] [率率][电影][科幻片] 列表第1/63页，20 条
[cc0cd] [率率][电影][恐怖片] 列表第1/240页，20 条
[cc0cd] [率率][电影][剧情片] 列表第1/1298页，20 条
[cc0cd] [率率][电影][战争片] 列表第1/21页，20 条
[cc0cd] [率率][剧集][国产剧] 列表第1/432页，20 条
[cc0cd] [率率][剧集][欧美剧] 列表第1/173页，20 条
[cc0cd] [率率][剧集][韩剧] 列表第1/46页，20 条
[cc0cd] [率率][剧集][日剧] 列表第1/88页，20 条
[cc0cd] [率率][剧集][港剧] 列表第1/85页，20 条
[cc0cd] [率率][剧集][台剧] 列表第1/18页，20 条
[cc0cd] [率率][剧集][泰剧] 列表第1/46页，20 条
[cc0cd] [率率][电影][纪录片] 列表第1/124页，20 条
[cc0cd] [率率][剧集][海外剧] 列表第1/9页，20 条
[cc0cd] [率率][综艺][大陆综艺] 列表第1/133页，20 条
[cc0cd] [率率][综艺][日韩综艺] 列表第1/20页，20 条
[cc0cd] [率率][综艺][港台综艺] 列表第1/9页，20 条
[cc0cd] [率率][综艺][欧美综艺] 列表第1/25页，20 条
[cc0cd] [率率][动漫][国产动漫] 列表第1/84页，20 条
[cc0cd] [率率][动漫][日韩动漫] 列表第1/225页，20 条
[cc0cd] [率率][动漫][欧美动漫] 列表第1/53页，20 条
[cc0cd] [率率][动漫][动画片] 列表第1/71页，20 条
[cc0cd] [率率][动漫][港台动漫] 列表第1/2页，20 条
[cc0cd] [率率][动漫][海外动漫] 列表第1/4页，20 条
[cc0cd] [率率][电影][预告片] 列表第1/33页，20 条
[cc0cd] [率率][电影][4K电影] 列表第1/42页，20 条
[cc0cd] [率率][动漫][有声动漫] 列表第1/71页，20 条
[cc0cd] [率率][剧集][反转爽剧] 列表第1/232页，20 条
[cc0cd] [率率][电影][邵氏电影] 列表第1/29页，20 条
[cc0cd] [率率][电影][Netflix电影] 列表第1/7页，20 条
[cc0cd] [率率][剧集][Netflix自制剧] 列表第1/12页，20 条
[cc0cd] 完成，共抓取 2332 条可入库资源（各源 360:619, 旺旺:520, 如意:533, 率率:660）
Traceback (most recent call last):
  File "C:\Users\win11\WorkBuddy\2026-08-20-15-02-10\m3u-library\main.py", line 203, in <module>
    main()
    ~~~~^^
  File "C:\Users\win11\WorkBuddy\2026-08-20-15-02-10\m3u-library\main.py", line 199, in main
    args.func(args)
    ~~~~~~~~~^^^^^^
  File "C:\Users\win11\WorkBuddy\2026-08-20-15-02-10\m3u-library\main.py", line 135, in cmd_collect
    result = manager.run_collector(args.name, **kwargs)
  File "C:\Users\win11\WorkBuddy\2026-08-20-15-02-10\m3u-library\collector\manager.py", line 36, in run_collector
    db = Database()
  File "C:\Users\win11\WorkBuddy\2026-08-20-15-02-10\m3u-library\core\database.py", line 57, in __init__
    self._init_schema()
    ~~~~~~~~~~~~~~~~~^^
  File "C:\Users\win11\WorkBuddy\2026-08-20-15-02-10\m3u-library\core\database.py", line 69, in _init_schema
    conn.executescript(SCHEMA)
    ~~~~~~~~~~~~~~~~~~^^^^^^^^
sqlite3.OperationalError: duplicate column name: raw_type_name
