[cc0cd] 直接 API 源 17 个: 索尼, 金鹰, 红牛, 猫眼, 樱花, 非凡, 光速, 无尽, 速播, 极速, 火狐, 西瓜, 优酷, 百度, 豆瓣, 暴风, 星球
[cc0cd] [索尼] 类型映射 电影:电影,动作片,喜剧片 | 剧集:电视剧,国产剧,欧美剧 | 综艺:综艺,大陆综艺,日韩综艺 | 动漫:动漫,国产动漫,日韩动漫
[cc0cd] [索尼][电影][动作片] 列表第1/283页，20 条
[cc0cd] [索尼][电影][喜剧片] 列表第1/465页，20 条
[cc0cd] [索尼][电影][爱情片] 列表第1/70页，20 条
[cc0cd] [索尼][电影][科幻片] 列表第1/63页，20 条
[cc0cd] [索尼][电影][恐怖片] 列表第1/240页，20 条
[cc0cd] [索尼][电影][剧情片] 列表第1/1298页，20 条
[cc0cd] [索尼][电影][战争片] 列表第1/21页，20 条
[cc0cd] [索尼][剧集][国产剧] 列表第1/432页，20 条
[cc0cd] [索尼][剧集][欧美剧] 列表第1/173页，20 条
[cc0cd] [索尼][剧集][韩剧] 列表第1/46页，20 条
[cc0cd] [索尼][剧集][日剧] 列表第1/88页，20 条
[cc0cd] [索尼][剧集][港剧] 列表第1/85页，20 条
[cc0cd] [索尼][剧集][台剧] 列表第1/18页，20 条
[cc0cd] [索尼][剧集][泰剧] 列表第1/46页，20 条
[cc0cd] [索尼][电影][纪录片] 列表第1/124页，20 条
[cc0cd] [索尼][剧集][海外剧] 列表第1/9页，20 条
[cc0cd] [索尼][综艺][大陆综艺] 列表第1/133页，20 条
[cc0cd] [索尼][综艺][日韩综艺] 列表第1/20页，20 条
[cc0cd] [索尼][综艺][港台综艺] 列表第1/9页，20 条
[cc0cd] [索尼][综艺][欧美综艺] 列表第1/25页，20 条
[cc0cd] [索尼][动漫][国产动漫] 列表第1/84页，20 条
[cc0cd] [索尼][动漫][日韩动漫] 列表第1/225页，20 条
[cc0cd] [索尼][动漫][欧美动漫] 列表第1/53页，20 条
[cc0cd] [索尼][动漫][动画片] 列表第1/71页，20 条
[cc0cd] [索尼][动漫][港台动漫] 列表第1/2页，20 条
[cc0cd] [索尼][动漫][海外动漫] 列表第1/4页，20 条
[cc0cd] [索尼][电影][4K电影] 列表第1/42页，20 条
[cc0cd] [索尼][电影][邵氏电影] 列表第1/29页，20 条
[cc0cd] [索尼][电影][Netflix电影] 列表第1/7页，20 条
[cc0cd] [索尼][剧集][Netflix自制剧] 列表第1/12页，20 条
[cc0cd] [金鹰] 类型映射 剧集:电视剧,欧美剧,香港剧 | 电影:电影,动作片,爱情片 | 动漫:动漫,动画片,中国动漫 | 综艺:综艺,大陆综艺,日韩综艺
[cc0cd] [金鹰][电影][电影] 列表第1/1页，1 条
[cc0cd] [金鹰][剧集][欧美剧] 列表第1/200页，20 条
[cc0cd] [金鹰][剧集][香港剧] 列表第1/26页，20 条
[cc0cd] [金鹰][剧集][韩剧] 列表第1/44页，20 条
[cc0cd] [金鹰][剧集][日剧] 列表第1/68页，20 条
[cc0cd] [金鹰][剧集][马泰剧] 列表第1/36页，20 条
[cc0cd] [金鹰][电影][动作片] 列表第1/266页，20 条
[cc0cd] [金鹰][电影][爱情片] 列表第1/132页，20 条
[cc0cd] [金鹰][电影][喜剧片] 列表第1/290页，20 条
[cc0cd] [金鹰][电影][科幻片] 列表第1/64页，20 条
[cc0cd] [金鹰][电影][恐怖片] 列表第1/181页，20 条
[cc0cd] [金鹰][电影][剧情片] 列表第1/800页，20 条
[cc0cd] [金鹰][电影][战争片] 列表第1/33页，20 条
[cc0cd] [金鹰][电影][记录片] 列表第1/122页，20 条
[cc0cd] [金鹰][剧集][内地剧] 列表第1/338页，20 条
[cc0cd] [金鹰][动漫][动画片] 列表第1/105页，20 条
[cc0cd] [金鹰][动漫][中国动漫] 列表第1/130页，20 条
[cc0cd] [金鹰][动漫][日本动漫] 列表第1/124页，20 条
[cc0cd] [金鹰][动漫][欧美动漫] 列表第1/23页，20 条
[cc0cd] [金鹰][剧集][台湾剧] 列表第1/15页，20 条
[cc0cd] [金鹰][综艺][大陆综艺] 列表第1/92页，20 条
[cc0cd] [金鹰][综艺] 详情批量失败: Remote end closed connection without response
[cc0cd] [金鹰][综艺][日韩综艺] 列表第1/28页，20 条
[cc0cd] [金鹰][综艺][港台综艺] 列表第1/3页，20 条
[cc0cd] [金鹰][综艺][欧美综艺] 列表第1/14页，20 条
[cc0cd] [金鹰][剧集][AI漫剧] 列表第1/2页，20 条
[cc0cd] [红牛] 类型映射 电影:电影,动作片,喜剧片 | 剧集:连续剧,国产剧,港澳剧 | 综艺:综艺,大陆综艺,日韩综艺 | 动漫:动漫,动漫电影,中国动漫
[cc0cd] [红牛][电影][电影] 列表第1/1页，2 条
[cc0cd] [红牛][电影][动作片] 列表第1/265页，20 条
[cc0cd] [红牛][电影][喜剧片] 列表第1/290页，20 条
[cc0cd] [红牛][电影][爱情片] 列表第1/132页，20 条
[cc0cd] [红牛][电影][科幻片] 列表第1/63页，20 条
[cc0cd] [红牛][电影][恐怖片] 列表第1/179页，20 条
[cc0cd] [红牛][电影][剧情片] 列表第1/796页，20 条
[cc0cd] [红牛][电影][战争片] 列表第1/33页，20 条
[cc0cd] [红牛][剧集][国产剧] 列表第1/338页，20 条
[cc0cd] [红牛][剧集][港澳剧] 列表第1/26页，20 条
[cc0cd] [红牛][剧集][日剧] 列表第1/68页，20 条
[cc0cd] [红牛][剧集][欧美剧] 列表第1/200页，20 条
[cc0cd] [红牛][剧集][台湾剧] 列表第1/15页，20 条
[cc0cd] [红牛][剧集][泰剧] 列表第1/36页，20 条
[cc0cd] [红牛][剧集][韩剧] 列表第1/44页，20 条
[cc0cd] [红牛][电影][纪录片] 列表第1/121页，20 条
[cc0cd] [红牛][动漫][动漫电影] 列表第1/104页，20 条
[cc0cd] [红牛][动漫][中国动漫] 列表第1/130页，20 条
[cc0cd] [红牛][动漫][日本动漫] 列表第1/122页，20 条
[cc0cd] [红牛][动漫][欧美动漫] 列表第1/23页，20 条
[cc0cd] [红牛][综艺][大陆综艺] 列表第1/92页，20 条
[cc0cd] [红牛][综艺][日韩综艺] 列表第1/28页，20 条
[cc0cd] [红牛][综艺][港台综艺] 列表第1/3页，20 条
[cc0cd] [红牛][综艺][欧美综艺] 列表第1/1页，4 条
[cc0cd] [红牛][剧集][AI漫剧] 列表第1/2页，20 条
[cc0cd] [猫眼] 类型映射 电影:电影,动作片,喜剧片 | 剧集:连续剧,国产剧,香港剧 | 综艺:综艺,大陆综艺,港台综艺 | 动漫:动漫,动画片,国产动漫
[cc0cd] [猫眼][电影][动作片] 列表第1/99页，30 条
[cc0cd] [猫眼][电影][喜剧片] 列表第1/150页，30 条
[cc0cd] [猫眼][电影][爱情片] 列表第1/43页，30 条
[cc0cd] [猫眼][电影][科幻片] 列表第1/12页，30 条
[cc0cd] [猫眼][电影][恐怖片] 列表第1/10页，30 条
[cc0cd] [猫眼][电影][剧情片] 列表第1/418页，30 条
[cc0cd] [猫眼][电影][战争片] 列表第1/8页，30 条
[cc0cd] [猫眼][剧集][国产剧] 列表第1/45页，30 条
[cc0cd] [猫眼][剧集][香港剧] 列表第1/3页，30 条
[cc0cd] [猫眼][剧集][韩国剧] 列表第1/7页，30 条
[cc0cd] [猫眼][剧集][欧美剧] 列表第1/23页，30 条
[cc0cd] [猫眼][电影][惊悚片] 列表第1/31页，30 条
[cc0cd] [猫眼][电影][古装片] 列表第1/7页，30 条
[cc0cd] [猫眼][电影][历史片] 列表第1/7页，30 条
[cc0cd] [猫眼][电影][悬疑片] 列表第1/24页，30 条
[cc0cd] [猫眼][电影][犯罪片] 列表第1/18页，30 条
[cc0cd] [猫眼][电影][灾难片] 列表第1/1页，29 条
[cc0cd] [猫眼][电影][纪录片] 列表第1/7页，30 条
[cc0cd] [猫眼][电影][短片] 列表第1/5页，30 条
[cc0cd] [猫眼][动漫][动画片] 列表第1/9页，30 条
[cc0cd] [猫眼][剧集][台湾剧] 列表第1/4页，30 条
[cc0cd] [猫眼][剧集][日本剧] 列表第1/10页，30 条
[cc0cd] [猫眼][剧集][泰国剧] 列表第1/4页，30 条
[cc0cd] [猫眼][综艺][大陆综艺] 列表第1/14页，30 条
[cc0cd] [猫眼][综艺][港台综艺] 列表第1/1页，3 条
[cc0cd] [猫眼][综艺][日韩综艺] 列表第1/2页，30 条
[cc0cd] [猫眼][动漫][国产动漫] 列表第1/64页，30 条
[cc0cd] [猫眼][动漫][欧美动漫] 列表第1/2页，30 条
[cc0cd] [猫眼][动漫][日韩动漫] 列表第1/25页，30 条
[cc0cd] [猫眼][电影][西部片] 列表第1/2页，30 条
[cc0cd] [猫眼][电影][奇幻片] 列表第1/2页，30 条
[cc0cd] [猫眼][动漫][里番动漫] 列表第1/1页，10 条
[cc0cd] [樱花] 类型映射 电影:电影,动作片,喜剧片 | 剧集:连续剧,国产剧,香港剧 | 综艺:综艺,大陆综艺,日韩综艺 | 动漫:动漫,动画电影,国产动漫
[cc0cd] [樱花][综艺][综艺] 列表第1/1页，1 条
[cc0cd] [樱花][电影][动作片] 列表第1/266页，20 条
[cc0cd] [樱花][电影][喜剧片] 列表第1/367页，20 条
[cc0cd] [樱花][电影][爱情片] 列表第1/52页，20 条
[cc0cd] [樱花][电影][科幻片] 列表第1/55页，20 条
[cc0cd] [樱花][电影][恐怖片] 列表第1/214页，20 条
[cc0cd] [樱花][电影][剧情片] 列表第1/968页，20 条
[cc0cd] [樱花][电影][战争片] 列表第1/18页，20 条
[cc0cd] [樱花][剧集][国产剧] 列表第1/2028页，20 条
[cc0cd] [樱花][剧集][香港剧] 列表第1/83页，20 条
[cc0cd] [樱花][剧集][台湾剧] 列表第1/15页，20 条
[cc0cd] [樱花][剧集][韩国剧] 列表第1/44页，20 条
[cc0cd] [樱花][电影][犯罪片] 列表第1/5页，20 条
[cc0cd] [樱花][电影][纪录片] 列表第1/52页，20 条
[cc0cd] [樱花][动漫][动画电影] 列表第1/42页，20 条
[cc0cd] [樱花][剧集][日本剧] 列表第1/62页，20 条
[cc0cd] [樱花][剧集][欧美剧] 列表第1/143页，20 条
[cc0cd] [樱花][剧集][海外剧] 列表第1/51页，20 条
[cc0cd] [樱花][综艺][大陆综艺] 列表第1/113页，20 条
[cc0cd] [樱花][综艺][日韩综艺] 列表第1/19页，20 条
[cc0cd] [樱花][综艺][港台综艺] 列表第1/8页，20 条
[cc0cd] [樱花][综艺][欧美综艺] 列表第1/3页，20 条
[cc0cd] [樱花][动漫][国产动漫] 列表第1/89页，20 条
[cc0cd] [樱花][动漫][日本动漫] 列表第1/226页，20 条
[cc0cd] [樱花][动漫][欧美动漫] 列表第1/53页，20 条
[cc0cd] [樱花][动漫][海外动漫] 列表第1/4页，20 条
[cc0cd] [非凡] 类型映射 电影:电影片,动作片,喜剧片 | 剧集:连续剧,国产剧,香港剧 | 综艺:综艺片,大陆综艺,港台综艺 | 动漫:动漫片,国产动漫,日韩动漫
[cc0cd] [非凡][动漫][动漫片] 列表第1/3页，20 条
[cc0cd] [非凡][电影][动作片] 列表第1/227页，20 条
[cc0cd] [非凡][电影][喜剧片] 列表第1/358页，20 条
[cc0cd] [非凡][电影][爱情片] 列表第1/106页，20 条
[cc0cd] [非凡][电影][科幻片] 列表第1/59页，20 条
[cc0cd] [非凡][电影][恐怖片] 列表第1/256页，20 条
[cc0cd] [非凡][电影][剧情片] 列表第1/989页，20 条
[cc0cd] [非凡][电影][战争片] 列表第1/21页，20 条
[cc0cd] [非凡][剧集][国产剧] 列表第1/413页，20 条
[cc0cd] [非凡][剧集][香港剧] 列表第1/117页，20 条
[cc0cd] [非凡][剧集][韩国剧] 列表第1/64页，20 条
[cc0cd] [非凡][剧集][欧美剧] 列表第1/263页，20 条
[cc0cd] [非凡][电影][记录片] 列表第1/99页，20 条
[cc0cd] [非凡][剧集][台湾剧] 列表第1/18页，20 条
[cc0cd] [非凡][剧集][日本剧] 列表第1/89页，20 条
[cc0cd] [非凡][剧集][海外剧] 列表第1/9页，20 条
[cc0cd] [非凡][剧集][泰国剧] 列表第1/40页，20 条
[cc0cd] [非凡][综艺][大陆综艺] 列表第1/123页，20 条
[cc0cd] [非凡][综艺][港台综艺] 列表第1/38页，20 条
[cc0cd] [非凡][综艺][日韩综艺] 列表第1/24页，20 条
[cc0cd] [非凡][综艺][欧美综艺] 列表第1/15页，20 条
[cc0cd] [非凡][动漫][国产动漫] 列表第1/131页，20 条
[cc0cd] [非凡][动漫][日韩动漫] 列表第1/272页，20 条
[cc0cd] [非凡][动漫][欧美动漫] 列表第1/73页，20 条
[cc0cd] [非凡][动漫][港台动漫] 列表第1/3页，20 条
[cc0cd] [非凡][动漫][海外动漫] 列表第1/6页，20 条
[cc0cd] [光速] 类型映射 电影:电影,动作片,喜剧片 | 剧集:电视剧,大陆剧,欧美剧 | 综艺:综艺,大陆综艺,日韩综艺 | 动漫:动漫,动漫电影,中国动漫
[cc0cd] [光速][电影][电影] 列表第1/1页，1 条
[cc0cd] [光速][电影][动作片] 列表第1/266页，20 条
[cc0cd] [光速][电影][喜剧片] 列表第1/96页，20 条
[cc0cd] [光速][电影][爱情片] 列表第1/134页，20 条
[cc0cd] [光速][电影][科幻片] 列表第1/64页，20 条
[cc0cd] [光速][电影][剧情片] 列表第1/1005页，20 条
[cc0cd] [光速][电影][恐怖片] 列表第1/181页，20 条
[cc0cd] [光速][电影][战争片] 列表第1/33页，20 条
[cc0cd] [光速][剧集][大陆剧] 列表第1/338页，20 条
[cc0cd] [光速][剧集][欧美剧] 列表第1/200页，20 条
[cc0cd] [光速][剧集][港澳剧] 列表第1/26页，20 条
[cc0cd] [光速][剧集][韩剧] 列表第1/44页，20 条
[cc0cd] [光速][动漫][动漫电影] 列表第1/106页，20 条
[cc0cd] [光速][剧集][日剧] 列表第1/68页，20 条
[cc0cd] [光速][剧集][台湾剧] 列表第1/15页，20 条
[cc0cd] [光速][剧集][泰剧] 列表第1/36页，20 条
[cc0cd] [光速][电影][记录片] 列表第1/122页，20 条
[cc0cd] [光速][综艺][大陆综艺] 列表第1/92页，20 条
[cc0cd] [光速][综艺][日韩综艺] 列表第1/28页，20 条
[cc0cd] [光速][综艺][港台综艺] 列表第1/3页，20 条
[cc0cd] [光速][综艺][欧美综艺] 列表第1/1页，4 条
[cc0cd] [光速][动漫][中国动漫] 列表第1/130页，20 条
[cc0cd] [光速][动漫][日本动漫] 列表第1/122页，20 条
[cc0cd] [光速][动漫][欧美动漫] 列表第1/23页，20 条
[cc0cd] [光速][剧集][AI漫剧] 列表第1/2页，20 条
[cc0cd] [无尽] 类型映射 电影:电影,动作片,喜剧片 | 剧集:连续剧,国产剧,香港剧 | 综艺:综艺,大陆综艺,日韩综艺 | 动漫:动漫,国产动漫,日韩动漫
[cc0cd] [无尽][电影][动作片] 列表第1/253页，20 条
[cc0cd] [无尽][电影][喜剧片] 列表第1/371页，20 条
[cc0cd] [无尽][电影][爱情片] 列表第1/53页，20 条
[cc0cd] [无尽][电影][科幻片] 列表第1/55页，20 条
[cc0cd] [无尽][电影][恐怖片] 列表第1/217页，20 条
[cc0cd] [无尽][电影][剧情片] 列表第1/976页，20 条
[cc0cd] [无尽][电影][战争片] 列表第1/18页，20 条
[cc0cd] [无尽][剧集][国产剧] 列表第1/413页，20 条
[cc0cd] [无尽][剧集][香港剧] 列表第1/82页，20 条
[cc0cd] [无尽][剧集][台湾剧] 列表第1/15页，20 条
[cc0cd] [无尽][剧集][美国剧] 列表第1/132页，20 条
[cc0cd] [无尽][电影][纪录片] 列表第1/52页，20 条
[cc0cd] [无尽][剧集][韩国剧] 列表第1/44页，20 条
[cc0cd] [无尽][剧集][日本剧] 列表第1/62页，20 条
[cc0cd] [无尽][剧集][海外剧] 列表第1/17页，20 条
[cc0cd] [无尽][综艺][大陆综艺] 列表第1/113页，20 条
[cc0cd] [无尽][综艺][日韩综艺] 列表第1/19页，20 条
[cc0cd] [无尽][综艺][港台综艺] 列表第1/8页，20 条
[cc0cd] [无尽][综艺][欧美综艺] 列表第1/3页，20 条
[cc0cd] [无尽][动漫][国产动漫] 列表第1/84页，20 条
[cc0cd] [无尽][动漫][日韩动漫] 列表第1/225页，20 条
[cc0cd] [无尽][动漫][欧美动漫] 列表第1/53页，20 条
[cc0cd] [无尽][电影][悬疑片] 列表第1/5页，20 条
[cc0cd] [无尽][动漫][动画片] 列表第1/42页，20 条
[cc0cd] [无尽][电影][犯罪片] 列表第1/5页，20 条
[cc0cd] [无尽][电影][奇幻片] 列表第1/2页，20 条
[cc0cd] [无尽][电影][邵氏电影] 列表第1/23页，20 条
[cc0cd] [无尽][剧集][泰剧] 列表第1/35页，20 条
[cc0cd] [无尽][动漫][港台动漫] 列表第1/2页，20 条
[cc0cd] [无尽][动漫][海外动漫] 列表第1/4页，20 条
[cc0cd] [无尽][电影][Netflix电影] 列表第1/8页，20 条
[cc0cd] [无尽][剧集][Netflix自制剧] 列表第1/12页，20 条
[cc0cd] [速播] 类型映射 电影:电影,纪录片,动作片 | 剧集:电视剧,大陆剧,台湾剧 | 动漫:动漫,动漫电影,中国动漫 | 综艺:综艺,大陆综艺,日韩综艺
[cc0cd] [速播][电影][电影] 列表第1/1页，1 条
[cc0cd] [速播][剧集][电视剧] 列表第1/1页，1 条
[cc0cd] [速播][动漫][动漫] 列表第1/1页，13 条
[cc0cd] [速播][电影][纪录片] 列表第1/122页，20 条
[cc0cd] [速播][电影][动作片] 列表第1/265页，20 条
[cc0cd] [速播][电影][爱情片] 列表第1/132页，20 条
[cc0cd] [速播][电影][科幻片] 列表第1/64页，20 条
[cc0cd] [速播][电影][战争片] 列表第1/33页，20 条
[cc0cd] [速播][电影][剧情片] 列表第1/798页，20 条
[cc0cd] [速播][电影][恐怖片] 列表第1/180页，20 条
[cc0cd] [速播][电影][喜剧片] 列表第1/290页，20 条
[cc0cd] [速播][动漫][动漫电影] 列表第1/105页，20 条
[cc0cd] [速播][剧集][大陆剧] 列表第1/338页，20 条
[cc0cd] [速播][剧集][台湾剧] 列表第1/15页，20 条
[cc0cd] [速播][剧集][韩剧] 列表第1/44页，20 条
[cc0cd] [速播][剧集][美剧] 列表第1/199页，20 条
[cc0cd] [速播][剧集][港澳剧] 列表第1/26页，20 条
[cc0cd] [速播][剧集][日剧] 列表第1/68页，20 条
[cc0cd] [速播][剧集][泰剧] 列表第1/36页，20 条
[cc0cd] [速播][动漫][中国动漫] 列表第1/130页，20 条
[cc0cd] [速播][动漫][日本动漫] 列表第1/124页，20 条
[cc0cd] [速播][动漫][欧美动漫] 列表第1/23页，20 条
[cc0cd] [速播][综艺][大陆综艺] 列表第1/92页，20 条
[cc0cd] [速播][综艺][日韩综艺] 列表第1/28页，20 条
[cc0cd] [速播][综艺][港台综艺] 列表第1/3页，20 条
[cc0cd] [速播][综艺][欧美综艺] 列表第1/14页，20 条
[cc0cd] [速播][剧集][AI漫剧] 列表第1/2页，20 条
[cc0cd] [极速] 类型映射 剧集:电视剧,欧美剧,香港剧 | 电影:电影,动作片,爱情片 | 动漫:动漫,动画片,中国动漫 | 综艺:综艺,大陆综艺,日韩综艺
[cc0cd] [极速][电影][电影] 列表第1/1页，1 条
[cc0cd] [极速][剧集][欧美剧] 列表第1/199页，20 条
[cc0cd] [极速][剧集][香港剧] 列表第1/26页，20 条
[cc0cd] [极速][剧集][韩剧] 列表第1/43页，20 条
[cc0cd] [极速][剧集][日剧] 列表第1/68页，20 条
[cc0cd] [极速][剧集][马泰剧] 列表第1/36页，20 条
[cc0cd] [极速][电影][动作片] 列表第1/260页，20 条
[cc0cd] [极速][电影][爱情片] 列表第1/130页，20 条
[cc0cd] [极速][电影][喜剧片] 列表第1/282页，20 条
[cc0cd] [极速][电影][科幻片] 列表第1/63页，20 条
[cc0cd] [极速][电影][恐怖片] 列表第1/178页，20 条
[cc0cd] [极速][电影][剧情片] 列表第1/739页，20 条
[cc0cd] [极速][电影][战争片] 列表第1/32页，20 条
[cc0cd] [极速][电影][记录片] 列表第1/120页，20 条
[cc0cd] [极速][剧集][内地剧] 列表第1/334页，20 条
[cc0cd] [极速][动漫][动画片] 列表第1/101页，20 条
[cc0cd] [极速][动漫][中国动漫] 列表第1/129页，20 条
[cc0cd] [极速][动漫][日本动漫] 列表第1/123页，20 条
[cc0cd] [极速][动漫][欧美动漫] 列表第1/23页，20 条
[cc0cd] [极速][综艺][综艺] 列表第1/1页，1 条
[cc0cd] [极速][剧集][台湾剧] 列表第1/15页，20 条
[cc0cd] [极速][综艺][大陆综艺] 列表第1/93页，20 条
[cc0cd] [极速][综艺][日韩综艺] 列表第1/28页，20 条
[cc0cd] [极速][综艺][港台综艺] 列表第1/3页，20 条
[cc0cd] [极速][综艺][欧美综艺] 列表第1/14页，20 条
[cc0cd] [极速][电影][灾难片] 列表第1/1页，13 条
[cc0cd] [极速][电影][悬疑片] 列表第1/18页，20 条
[cc0cd] [极速][电影][犯罪片] 列表第1/13页，20 条
[cc0cd] [极速][电影][奇幻片] 列表第1/6页，20 条
[cc0cd] [极速][剧集][AI漫剧] 列表第1/2页，20 条
[cc0cd] [火狐] 类型映射 剧集:电视剧,欧美剧,香港剧 | 电影:电影,动作片,爱情片 | 动漫:动漫,动画片,中国动漫 | 综艺:综艺,大陆综艺,日韩综艺
[cc0cd] [火狐][电影][电影] 列表第1/1页，1 条
[cc0cd] [火狐][剧集][欧美剧] 列表第1/200页，20 条
[cc0cd] [火狐][剧集][香港剧] 列表第1/26页，20 条
[cc0cd] [火狐][剧集][韩剧] 列表第1/44页，20 条
[cc0cd] [火狐][剧集][日剧] 列表第1/68页，20 条
[cc0cd] [火狐][剧集][马泰剧] 列表第1/36页，20 条
[cc0cd] [火狐][电影][动作片] 列表第1/263页，20 条
[cc0cd] [火狐][电影][爱情片] 列表第1/131页，20 条
[cc0cd] [火狐][电影][喜剧片] 列表第1/288页，20 条
[cc0cd] [火狐][电影][科幻片] 列表第1/64页，20 条
[cc0cd] [火狐][电影][恐怖片] 列表第1/179页，20 条
[cc0cd] [火狐][电影][剧情片] 列表第1/756页，20 条
[cc0cd] [火狐][电影][战争片] 列表第1/33页，20 条
[cc0cd] [火狐][电影][记录片] 列表第1/121页，20 条
[cc0cd] [火狐][剧集][内地剧] 列表第1/337页，20 条
[cc0cd] [火狐][动漫][动画片] 列表第1/104页，20 条
[cc0cd] [火狐][动漫][中国动漫] 列表第1/130页，20 条
[cc0cd] [火狐][动漫][日本动漫] 列表第1/123页，20 条
[cc0cd] [火狐][动漫][欧美动漫] 列表第1/23页，20 条
[cc0cd] [火狐][综艺][综艺] 列表第1/1页，2 条
[cc0cd] [火狐][剧集][台湾剧] 列表第1/15页，20 条
[cc0cd] [火狐][综艺][大陆综艺] 列表第1/93页，20 条
[cc0cd] [火狐][综艺][日韩综艺] 列表第1/29页，20 条
[cc0cd] [火狐][综艺][港台综艺] 列表第1/3页，20 条
[cc0cd] [火狐][综艺][欧美综艺] 列表第1/14页，20 条
[cc0cd] [火狐][电影][灾难片] 列表第1/1页，13 条
[cc0cd] [火狐][电影][悬疑片] 列表第1/18页，20 条
[cc0cd] [火狐][电影][犯罪片] 列表第1/13页，20 条
[cc0cd] [火狐][电影][奇幻片] 列表第1/6页，20 条
[cc0cd] [火狐][剧集][AI漫剧] 列表第1/2页，20 条
[cc0cd] [西瓜] 类型映射 电影:电影片,动作片,喜剧片 | 剧集:连续剧,国产剧,香港剧 | 综艺:综艺片,大陆综艺,港台综艺 | 动漫:动漫片,国产动漫,日韩动漫
[cc0cd] [西瓜][剧集][连续剧] 列表第1/1页，1 条
[cc0cd] [西瓜][电影][动作片] 列表第1/231页，20 条
[cc0cd] [西瓜][电影][喜剧片] 列表第1/365页，20 条
[cc0cd] [西瓜][电影][爱情片] 列表第1/90页，20 条
[cc0cd] [西瓜][电影][科幻片] 列表第1/60页，20 条
[cc0cd] [西瓜][电影][恐怖片] 列表第1/122页，20 条
[cc0cd] [西瓜][电影][剧情片] 列表第1/416页，20 条
[cc0cd] [西瓜][电影][战争片] 列表第1/19页，20 条
[cc0cd] [西瓜][剧集][国产剧] 列表第1/399页，20 条
[cc0cd] [西瓜][剧集][香港剧] 列表第1/101页，20 条
[cc0cd] [西瓜][剧集][韩国剧] 列表第1/70页，20 条
[cc0cd] [西瓜][剧集][欧美剧] 列表第1/308页，20 条
[cc0cd] [西瓜][电影][记录片] 列表第1/63页，20 条
[cc0cd] [西瓜][剧集][台湾剧] 列表第1/11页，20 条
[cc0cd] [西瓜][剧集][日本剧] 列表第1/93页，20 条
[cc0cd] [西瓜][剧集][海外剧] 列表第1/10页，20 条
[cc0cd] [西瓜][剧集][泰国剧] 列表第1/22页，20 条
[cc0cd] [西瓜][综艺][大陆综艺] 列表第1/90页，20 条
[cc0cd] [西瓜][综艺][港台综艺] 列表第1/10页，20 条
[cc0cd] [西瓜][综艺][日韩综艺] 列表第1/18页，20 条
[cc0cd] [西瓜][综艺][欧美综艺] 列表第1/11页，20 条
[cc0cd] [西瓜][动漫][国产动漫] 列表第1/98页，20 条
[cc0cd] [西瓜][动漫][日韩动漫] 列表第1/250页，20 条
[cc0cd] [西瓜][动漫][欧美动漫] 列表第1/40页，20 条
[cc0cd] [西瓜][动漫][港台动漫] 列表第1/2页，20 条
[cc0cd] [西瓜][动漫][动画片] 列表第1/97页，20 条
[cc0cd] [优酷] 类型映射 电影:电影,动作片,喜剧片 | 剧集:电视剧,国产剧,港澳剧 | 综艺:综艺 | 动漫:动漫,动漫电影
[cc0cd] [优酷][综艺][综艺] 列表第1/111页，20 条
[cc0cd] [优酷][动漫][动漫] 列表第1/302页，20 条
[cc0cd] [优酷][电影][动作片] 列表第1/221页，20 条
[cc0cd] [优酷][电影][喜剧片] 列表第1/243页，20 条
[cc0cd] [优酷][电影] 详情批量失败: HTTP Error 403: Forbidden
[cc0cd] [优酷][电影][爱情片] 列表第1/128页，20 条
[cc0cd] [优酷][电影][科幻片] 列表第1/53页，20 条
[cc0cd] [优酷][电影][恐怖片] 列表第1/151页，20 条
[cc0cd] [优酷][电影][剧情片] 列表第1/450页，20 条
[cc0cd] [优酷][电影][战争片] 列表第1/24页，20 条
[cc0cd] [优酷][剧集][国产剧] 列表第1页失败: <urlopen error _ssl.c:1015: The handshake operation timed out>
[cc0cd] [优酷][剧集][港澳剧] 列表第1/10页，20 条
[cc0cd] [优酷][剧集] 详情批量失败: <urlopen error _ssl.c:1015: The handshake operation timed out>
[cc0cd] [优酷][剧集][日剧] 列表第1/58页，20 条
[cc0cd] [优酷][剧集][欧美剧] 列表第1/117页，20 条
[cc0cd] [优酷][动漫][动漫电影] 列表第1/33页，20 条
[cc0cd] [优酷][剧集][台湾剧] 列表第1/9页，20 条
[cc0cd] [优酷][剧集][韩剧] 列表第1/34页，20 条
[cc0cd] [优酷][剧集][泰剧] 列表第1/34页，20 条
[cc0cd] [优酷][电影][记录片] 列表第1/32页，20 条
[cc0cd] [优酷][电影][奇幻片] 列表第1/12页，20 条
[cc0cd] [优酷][电影][犯罪片] 列表第1/20页，20 条
[cc0cd] [百度] 类型映射 电影:电影,动作片,喜剧片 | 剧集:电视剧,大陆剧,欧美剧 | 综艺:综艺,大陆综艺,日韩综艺 | 动漫:动漫,国产动漫,日韩动漫
[cc0cd] [百度][电影][动作片] 列表第1/247页，20 条
[cc0cd] [百度][电影][喜剧片] 列表第1/231页，20 条
[cc0cd] [百度][电影][爱情片] 列表第1/66页，20 条
[cc0cd] [百度][电影][科幻片] 列表第1/61页，20 条
[cc0cd] [百度][电影][恐怖片] 列表第1/170页，20 条
[cc0cd] [百度][电影][剧情片] 列表第1/1015页，20 条
[cc0cd] [百度][电影][战争片] 列表第1/20页，20 条
[cc0cd] [百度][剧集][大陆剧] 列表第1/68页，20 条
[cc0cd] [百度][剧集][欧美剧] 列表第1/32页，20 条
[cc0cd] [百度][剧集][韩剧] 列表第1页失败: HTTP Error 403: Forbidden
[cc0cd] [百度][剧集][日剧] 列表第1/30页，20 条
[cc0cd] [百度][剧集][港澳剧] 列表第1/41页，20 条
[cc0cd] [百度][剧集][台湾剧] 列表第1/13页，20 条
[cc0cd] [百度][剧集][泰剧] 列表第1/44页，20 条
[cc0cd] [百度][剧集][其他剧] 列表第1/7页，20 条
[cc0cd] [百度][综艺][大陆综艺] 列表第1/66页，20 条
[cc0cd] [百度][综艺][日韩综艺] 列表第1/19页，20 条
[cc0cd] [百度][综艺][港台综艺] 列表第1/6页，20 条
[cc0cd] [百度][综艺][欧美综艺] 列表第1/12页，20 条
[cc0cd] [百度][动漫][国产动漫] 列表第1/85页，20 条
[cc0cd] [百度][动漫][日韩动漫] 列表第1/48页，20 条
[cc0cd] [百度][动漫][欧美动漫] 列表第1/49页，20 条
[cc0cd] [百度][动漫][动画电影] 列表第1/15页，20 条
[cc0cd] [豆瓣] 类型映射 电影:电影,纪录片,动作片 | 剧集:连续剧,国产剧,香港剧 | 综艺:综艺片,大陆综艺,日韩综艺 | 动漫:动漫,动漫电影,国产动漫
[cc0cd] [豆瓣][电影][电影] 列表第1/1页，3 条
[cc0cd] [豆瓣][剧集][连续剧] 列表第1/2页，20 条
[cc0cd] [豆瓣][综艺][综艺片] 列表第1/2页，20 条
[cc0cd] [豆瓣][动漫][动漫] 列表第1/3页，20 条
[cc0cd] [豆瓣][电影][纪录片] 列表第1/285页，20 条
[cc0cd] [豆瓣][电影][动作片] 列表第1/340页，20 条
[cc0cd] [豆瓣][电影][爱情片] 列表第1/174页，20 条
[cc0cd] [豆瓣][电影][喜剧片] 列表第1/431页，20 条
[cc0cd] [豆瓣][电影][科幻片] 列表第1/77页，20 条
[cc0cd] [豆瓣][电影][恐怖片] 列表第1/213页，20 条
[cc0cd] [豆瓣][电影][剧情片] 列表第1/1120页，20 条
[cc0cd] [豆瓣][电影][战争片] 列表第1/36页，20 条
[cc0cd] [豆瓣][剧集][国产剧] 列表第1/378页，20 条
[cc0cd] [豆瓣][剧集][香港剧] 列表第1/37页，20 条
[cc0cd] [豆瓣][剧集][欧美剧] 列表第1/330页，20 条
[cc0cd] [豆瓣][剧集][韩剧] 列表第1/64页，20 条
[cc0cd] [豆瓣][动漫][动漫电影] 列表第1/123页，20 条
[cc0cd] [豆瓣][剧集][泰国剧] 列表第1/35页，20 条
[cc0cd] [豆瓣][剧集][日本剧] 列表第1/83页，20 条
[cc0cd] [豆瓣][剧集][台湾剧] 列表第1/19页，20 条
[cc0cd] [豆瓣][剧集][海外剧] 列表第1/10页，20 条
[cc0cd] [豆瓣][综艺][大陆综艺] 列表第1/91页，20 条
[cc0cd] [豆瓣][综艺][日韩综艺] 列表第1/23页，20 条
[cc0cd] [豆瓣][综艺][港台综艺] 列表第1/4页，20 条
[cc0cd] [豆瓣][综艺][欧美综艺] 列表第1/35页，20 条
[cc0cd] [豆瓣][动漫][国产动漫] 列表第1/149页，20 条
[cc0cd] [豆瓣][动漫][日本动漫] 列表第1/131页，20 条
[cc0cd] [豆瓣][动漫][欧美动漫] 列表第1/62页，20 条
[cc0cd] [豆瓣][动漫][海外动漫] 列表第1/2页，20 条
[cc0cd] [豆瓣][电影][惊悚片] 列表第1/82页，20 条
[cc0cd] [暴风] 类型映射 电影:电影片,动作片,喜剧片 | 剧集:连续剧,国产剧,欧美剧 | 动漫:动漫片,国产动漫,日韩动漫 | 综艺:综艺片,大陆综艺,港台综艺
[cc0cd] [暴风][电影][电影片] 列表第1/1页，12 条
[cc0cd] [暴风][电影][动作片] 列表第1/250页，20 条
[cc0cd] [暴风][电影][喜剧片] 列表第1/370页，20 条
[cc0cd] [暴风][电影][恐怖片] 列表第1/223页，20 条
[cc0cd] [暴风][电影][科幻片] 列表第1/55页，20 条
[cc0cd] [暴风][电影][爱情片] 列表第1/106页，20 条
[cc0cd] [暴风][电影][剧情片] 列表第1/922页，20 条
[cc0cd] [暴风][电影][战争片] 列表第1/16页，20 条
[cc0cd] [暴风][电影][纪录片] 列表第1/85页，20 条
[cc0cd] [暴风][电影][理论片] 列表第1/77页，20 条
[cc0cd] [暴风][剧集][连续剧] 列表第1/1页，7 条
[cc0cd] [暴风][剧集][国产剧] 列表第1/446页，20 条
[cc0cd] [暴风][剧集][欧美剧] 列表第1/321页，20 条
[cc0cd] [暴风][剧集][香港剧] 列表第1/147页，20 条
[cc0cd] [暴风][剧集][韩国剧] 列表第1/67页，20 条
[cc0cd] [暴风][剧集][台湾剧] 列表第1/17页，20 条
[cc0cd] [暴风][剧集][日本剧] 列表第1/94页，20 条
[cc0cd] [暴风][剧集][海外剧] 列表第1/15页，20 条
[cc0cd] [暴风][剧集][泰国剧] 列表第1/42页，20 条
[cc0cd] [暴风][动漫][动漫片] 列表第1/3页，20 条
[cc0cd] [暴风][动漫][国产动漫] 列表第1/116页，20 条
[cc0cd] [暴风][动漫][日韩动漫] 列表第1/293页，20 条
[cc0cd] [暴风][动漫][欧美动漫] 列表第1/65页，20 条
[cc0cd] [暴风][动漫][港台动漫] 列表第1/2页，20 条
[cc0cd] [暴风][动漫][海外动漫] 列表第1/5页，20 条
[cc0cd] [暴风][综艺][综艺片] 列表第1/1页，20 条
[cc0cd] [暴风][综艺][大陆综艺] 列表第1/136页，20 条
[cc0cd] [暴风][综艺][港台综艺] 列表第1/40页，20 条
[cc0cd] [暴风][综艺][日韩综艺] 列表第1/26页，20 条
[cc0cd] [暴风][综艺][欧美综艺] 列表第1/15页，20 条
[cc0cd] [暴风][动漫][动画片] 列表第1/48页，20 条
[cc0cd] [暴风][剧集][AI漫剧] 列表第1/452页，20 条
[cc0cd] [星球] 类型映射 电影:电影,动作片,喜剧片 | 剧集:连续剧,国产剧,港台剧 | 综艺:综艺,国内综艺,日韩综艺 | 动漫:动漫,动画片,大陆动漫
[cc0cd] [星球][电影][电影] 列表第1/1页，15 条
[cc0cd] [星球][剧集][连续剧] 列表第1/1页，7 条
[cc0cd] [星球][综艺][综艺] 列表第1/214页，20 条
[cc0cd] [星球][动漫][动漫] 列表第1/418页，20 条
[cc0cd] [星球][电影][动作片] 列表第1/617页，20 条
[cc0cd] [星球][电影][喜剧片] 列表第1/844页，20 条
[cc0cd] [星球][电影][爱情片] 列表第1/378页，20 条
[cc0cd] [星球][电影][科幻片] 列表第1/151页，20 条
[cc0cd] [星球][电影][恐怖片] 列表第1/528页，20 条
[cc0cd] [星球][电影][剧情片] 列表第1/2118页，20 条
[cc0cd] [星球][电影][战争片] 列表第1/82页，20 条
[cc0cd] [星球][剧集][国产剧] 列表第1/815页，20 条
[cc0cd] [星球][剧集][港台剧] 列表第1/349页，20 条
[cc0cd] [星球][剧集][日韩剧] 列表第1/331页，20 条
[cc0cd] [星球][剧集][欧美剧] 列表第1/673页，20 条
[cc0cd] [星球][电影][惊悚片] 列表第1/48页，20 条
[cc0cd] [星球][电影][奇幻片] 列表第1/16页，20 条
[cc0cd] [星球][电影][悬疑片] 列表第1/24页，20 条
[cc0cd] [星球][电影][纪录片] 列表第1/358页，20 条
[cc0cd] [星球][电影][犯罪片] 列表第1/29页，20 条
[cc0cd] [星球][动漫][动画片] 列表第1/259页，20 条
[cc0cd] [星球][电影][其他片] 列表第1/36页，20 条
[cc0cd] [星球][剧集][泰国剧] 列表第1/83页，20 条
[cc0cd] [星球][综艺][国内综艺] 列表第1/355页，20 条
[cc0cd] [星球][综艺][日韩综艺] 列表第1/65页，20 条
[cc0cd] [星球][综艺][欧美综艺] 列表第1/75页，20 条
[cc0cd] [星球][动漫][大陆动漫] 列表第1/312页，20 条
[cc0cd] [星球][动漫][日韩动漫] 列表第1/522页，20 条
[cc0cd] [星球][动漫][欧美动漫] 列表第1/140页，20 条
[cc0cd] [星球][综艺][港台综艺] 列表第1/102页，20 条
[cc0cd] [星球][电影][冒险片] 列表第1/11页，20 条
[cc0cd] [星球][动漫][其他动漫] 列表第1/9页，20 条
[cc0cd] [星球][剧集][其他剧] 列表第1/22页，20 条
[cc0cd] [星球][动漫][港台动漫] 列表第1/4页，20 条
[cc0cd] [星球][剧集][海外剧] 列表第1/45页，20 条
[cc0cd] [星球][电影][4K电影] 列表第1/46页，20 条
[cc0cd] [星球][电影][邵氏电影] 列表第1/23页，20 条
[cc0cd] [星球][电影][Netflix电影] 列表第1/7页，20 条
[cc0cd] [星球][剧集][Netflix自制剧] 列表第1/12页，20 条
[cc0cd] 拉取配置中心 https://tv.cc0cd.cc.cd ...
[cc0cd] 配置中心共 1431 个源，本次启用 4 个白名单源
[cc0cd] [360] 类型映射 电影:电影,动作片,喜剧片 | 剧集:连续剧,国产剧,香港剧 | 综艺:综艺,大陆综艺,港台综艺 | 动漫:动漫,动画片,国产动漫
[cc0cd] [360][综艺][综艺] 列表第1页失败: <urlopen error [SSL: SSLV3_ALERT_HANDSHAKE_FAILURE] ssl/tls alert handshake failure (_ssl.c:1032)>
[cc0cd] [360][电影][动作片] 列表第1/192页，20 条
[cc0cd] [360][电影][喜剧片] 列表第1/202页，20 条
[cc0cd] [360][电影][爱情片] 列表第1/50页，20 条
[cc0cd] [360][电影][科幻片] 列表第1/36页，20 条
[cc0cd] [360][电影][恐怖片] 列表第1/24页，20 条
[cc0cd] [360][电影][剧情片] 列表第1/829页，20 条
[cc0cd] [360][电影][战争片] 列表第1/11页，20 条
[cc0cd] [360][剧集][国产剧] 列表第1/220页，20 条
[cc0cd] [360][剧集][香港剧] 列表第1/5页，20 条
[cc0cd] [360][剧集][韩国剧] 列表第1/16页，20 条
[cc0cd] [360][剧集][欧美剧] 列表第1/41页，20 条
[cc0cd] [360][电影][惊悚片] 列表第1/34页，20 条
[cc0cd] [360][电影][古装片] 列表第1/5页，20 条
[cc0cd] [360][电影][历史片] 列表第1/4页，20 条
[cc0cd] [360][电影][悬疑片] 列表第1/39页，20 条
[cc0cd] [360][电影][犯罪片] 列表第1/33页，20 条
[cc0cd] [360][电影][灾难片] 列表第1/1页，10 条
[cc0cd] [360][电影][纪录片] 列表第1/33页，20 条
[cc0cd] [360][电影][短片] 列表第1/10页，20 条
[cc0cd] [360][动漫][动画片] 列表第1/25页，20 条
[cc0cd] [360][剧集][台湾剧] 列表第1/9页，20 条
[cc0cd] [360][剧集][日本剧] 列表第1/21页，20 条
[cc0cd] [360][剧集][海外剧] 列表第1/6页，20 条
[cc0cd] [360][剧集][泰国剧] 列表第1/14页，20 条
[cc0cd] [360][综艺][大陆综艺] 列表第1/76页，20 条
[cc0cd] [360][综艺][港台综艺] 列表第1/3页，20 条
[cc0cd] [360][综艺][日韩综艺] 列表第1/9页，20 条
[cc0cd] [360][综艺][欧美综艺] 列表第1/1页，9 条
[cc0cd] [360][动漫][国产动漫] 列表第1/133页，20 条
[cc0cd] [360][动漫][欧美动漫] 列表第1/4页，20 条
[cc0cd] [360][动漫][日韩动漫] 列表第1/68页，20 条
[cc0cd] [360][电影][西部片] 列表第1/3页，20 条
[cc0cd] [旺旺] 类型映射 电影:电影,动作片,喜剧片 | 剧集:电视剧,国产剧,欧美剧 | 综艺:综艺,大陆综艺,日韩综艺 | 动漫:动漫,国产动漫,日韩动漫
[cc0cd] [旺旺][电影][动作片] 列表第1/252页，20 条
[cc0cd] [旺旺][电影][喜剧片] 列表第1/71页，20 条
[cc0cd] [旺旺][电影][爱情片] 列表第1/69页，20 条
[cc0cd] [旺旺][电影][科幻片] 列表第1/61页，20 条
[cc0cd] [旺旺][电影][恐怖片] 列表第1/236页，20 条
[cc0cd] [旺旺][电影][剧情片] 列表第1/1140页，20 条
[cc0cd] [旺旺][电影][战争片] 列表第1/21页，20 条
[cc0cd] [旺旺][剧集][国产剧] 列表第1/240页，20 条
[cc0cd] [旺旺][剧集][欧美剧] 列表第1/38页，20 条
[cc0cd] [旺旺][剧集][韩国剧] 列表第1/45页，20 条
[cc0cd] [旺旺][剧集][日本剧] 列表第1/43页，20 条
[cc0cd] [旺旺][剧集][港台剧] 列表第1/82页，20 条
[cc0cd] [旺旺][剧集][台湾剧] 列表第1/11页，20 条
[cc0cd] [旺旺][剧集][泰国剧] 列表第1/41页，20 条
[cc0cd] [旺旺][电影][纪录片] 列表第1/119页，20 条
[cc0cd] [旺旺][剧集][海外剧] 列表第1/5页，20 条
[cc0cd] [旺旺][综艺][大陆综艺] 列表第1/18页，20 条
[cc0cd] [旺旺][综艺][日韩综艺] 列表第1/9页，20 条
[cc0cd] [旺旺][综艺][港台综艺] 列表第1/3页，20 条
[cc0cd] [旺旺][综艺][欧美综艺] 列表第1/3页，20 条
[cc0cd] [旺旺][动漫][国产动漫] 列表第1/26页，20 条
[cc0cd] [旺旺][动漫][日韩动漫] 列表第1/43页，20 条
[cc0cd] [旺旺][动漫][欧美动漫] 列表第1/53页，20 条
[cc0cd] [旺旺][动漫][动画片] 列表第1/65页，20 条
[cc0cd] [旺旺][动漫][港台动漫] 列表第1/2页，20 条
[cc0cd] [如意] 类型映射 电影:电影片,动作片,喜剧片 | 剧集:连续剧,国产剧,香港剧 | 综艺:综艺片,大陆综艺,港台综艺 | 动漫:动漫片,国产动漫,日韩动漫
[cc0cd] [如意][电影][电影片] 列表第1/1页，1 条
[cc0cd] [如意][综艺][综艺片] 列表第1/1页，3 条
[cc0cd] [如意][电影][动作片] 列表第1/162页，20 条
[cc0cd] [如意][电影][喜剧片] 列表第1/207页，20 条
[cc0cd] [如意][电影][爱情片] 列表第1/113页，20 条
[cc0cd] [如意][电影][科幻片] 列表第1/40页，20 条
[cc0cd] [如意][电影][恐怖片] 列表第1/119页，20 条
[cc0cd] [如意][电影][剧情片] 列表第1/411页，20 条
[cc0cd] [如意][电影][战争片] 列表第1/29页，20 条
[cc0cd] [如意][剧集][国产剧] 列表第1/198页，20 条
[cc0cd] [如意][剧集][香港剧] 列表第1/14页，20 条
[cc0cd] [如意][剧集][韩国剧] 列表第1/57页，20 条
[cc0cd] [如意][剧集][欧美剧] 列表第1/115页，20 条
[cc0cd] [如意][电影][记录片] 列表第1/76页，20 条
[cc0cd] [如意][剧集][台湾剧] 列表第1/11页，20 条
[cc0cd] [如意][剧集][日本剧] 列表第1/64页，20 条
[cc0cd] [如意][剧集][海外剧] 列表第1/18页，20 条
[cc0cd] [如意][剧集][泰国剧] 列表第1/31页，20 条
[cc0cd] [如意][综艺][大陆综艺] 列表第1/163页，20 条
[cc0cd] [如意][综艺][港台综艺] 列表第1/15页，20 条
[cc0cd] [如意][综艺][日韩综艺] 列表第1/21页，20 条
[cc0cd] [如意][综艺][欧美综艺] 列表第1/18页，20 条
[cc0cd] [如意][动漫][国产动漫] 列表第1/81页，20 条
[cc0cd] [如意][动漫][日韩动漫] 列表第1/156页，20 条
[cc0cd] [如意][动漫][欧美动漫] 列表第1/29页，20 条
[cc0cd] [如意][动漫][港台动漫] 列表第1/1页，9 条
[cc0cd] [如意][动漫][海外动漫] 列表第1/2页，20 条
[cc0cd] [如意][动漫][动画电影] 列表第1/76页，20 条
[cc0cd] [率率] 类型映射 电影:电影,动作片,喜剧片 | 剧集:电视剧,国产剧,欧美剧 | 综艺:综艺,大陆综艺,日韩综艺 | 动漫:动漫,国产动漫,日韩动漫
[cc0cd] [率率][电影][动作片] 列表第1/283页，20 条
[cc0cd] [率率][电影][喜剧片] 列表第1/465页，20 条
[cc0cd] [率率][电影][爱情片] 列表第1/70页，20 条
[cc0cd] [率率][电影][科幻片] 列表第1/63页，20 条
[cc0cd] [率率][电影][恐怖片] 列表第1/240页，20 条
[cc0cd] [率率][电影][剧情片] 列表第1/1298页，20 条
[cc0cd] [率率][电影][战争片] 列表第1/21页，20 条
[cc0cd] [率率][剧集][国产剧] 列表第1/432页，20 条
[cc0cd] [率率][剧集][欧美剧] 列表第1/173页，20 条
[cc0cd] [率率][剧集][韩剧] 列表第1/46页，20 条
[cc0cd] [率率][剧集][日剧] 列表第1/88页，20 条
[cc0cd] [率率][剧集][港剧] 列表第1/85页，20 条
[cc0cd] [率率][剧集][台剧] 列表第1/18页，20 条
[cc0cd] [率率][剧集][泰剧] 列表第1/46页，20 条
[cc0cd] [率率][电影][纪录片] 列表第1/124页，20 条
[cc0cd] [率率][剧集][海外剧] 列表第1/9页，20 条
[cc0cd] [率率][综艺][大陆综艺] 列表第1/133页，20 条
[cc0cd] [率率][综艺][日韩综艺] 列表第1/20页，20 条
[cc0cd] [率率][综艺][港台综艺] 列表第1/9页，20 条
[cc0cd] [率率][综艺][欧美综艺] 列表第1/25页，20 条
[cc0cd] [率率][动漫][国产动漫] 列表第1/85页，20 条
[cc0cd] [率率][动漫][日韩动漫] 列表第1/225页，20 条
[cc0cd] [率率][动漫][欧美动漫] 列表第1/53页，20 条
[cc0cd] [率率][动漫][动画片] 列表第1/71页，20 条
[cc0cd] [率率][动漫][港台动漫] 列表第1/2页，20 条
[cc0cd] [率率][动漫][海外动漫] 列表第1/4页，20 条
[cc0cd] [率率][电影][4K电影] 列表第1/42页，20 条
[cc0cd] [率率][电影][邵氏电影] 列表第1/29页，20 条
[cc0cd] [率率][电影][Netflix电影] 列表第1/7页，20 条
[cc0cd] [率率][剧集][Netflix自制剧] 列表第1/12页，20 条
[cc0cd] 完成，共抓取 11646 条可入库资源（各源 索尼:600, 金鹰:461, 红牛:466, 猫眼:912, 樱花:501, 非凡:520, 光速:465, 无尽:639, 速播:495, 极速:555, 火狐:556, 西瓜:501, 优酷:340, 百度:440, 豆瓣:582, 暴风:619, 星球:762, 360:619, 旺旺:500, 如意:513, 率率:600）
[OK] cc0cd 聚合采集: 抓取 11646 条
  电影数量: 4502 | 电视剧数量: 3425 | 动漫数量: 2112 | 综艺数量: 1607
  新增: 10944 | 重复(已存在): 702 | 过滤(黑名单/无效): 2 | 请求失败: 6
[自检通过] movie.m3u: 1995 条资源 / 42 个分组（原始 4233 条，去重 2238 条）
[自检通过] tv.m3u: 1021 条资源 / 26 个分组（原始 3217 条，去重 2196 条）
[自检通过] anime.m3u: 863 条资源 / 23 个分组（原始 1982 条，去重 1119 条）
[自检通过] variety.m3u: 537 条资源 / 19 个分组（原始 1512 条，去重 975 条）
[OK] 已重新生成 C:\Users\win11\WorkBuddy\2026-08-20-15-02-10\m3u-library\output\movie.m3u
[OK] 已重新生成 C:\Users\win11\WorkBuddy\2026-08-20-15-02-10\m3u-library\output\movie.txt
[OK] 已重新生成 C:\Users\win11\WorkBuddy\2026-08-20-15-02-10\m3u-library\output\tv.m3u
[OK] 已重新生成 C:\Users\win11\WorkBuddy\2026-08-20-15-02-10\m3u-library\output\tv.txt
[OK] 已重新生成 C:\Users\win11\WorkBuddy\2026-08-20-15-02-10\m3u-library\output\anime.m3u
[OK] 已重新生成 C:\Users\win11\WorkBuddy\2026-08-20-15-02-10\m3u-library\output\anime.txt
[OK] 已重新生成 C:\Users\win11\WorkBuddy\2026-08-20-15-02-10\m3u-library\output\variety.m3u
[OK] 已重新生成 C:\Users\win11\WorkBuddy\2026-08-20-15-02-10\m3u-library\output\variety.txt
