[cc0cd] 拉取配置中心 https://tv.cc0cd.cc.cd ...
[cc0cd] 配置中心共 1431 个源，本次启用 4 个白名单源
[cc0cd] [360] 类型映射 电影:电影,动作片,喜剧片 | 剧集:连续剧,国产剧,香港剧 | 综艺:综艺,大陆综艺,港台综艺 | 动漫:动漫,动画片,国产动漫
[cc0cd] [360][电影][动作片] 列表第1/192页，20 条
[cc0cd] [360][电影][喜剧片] 列表第1/202页，20 条
[cc0cd] [360][电影][爱情片] 列表第1/50页，20 条
[cc0cd] [360][电影][科幻片] 列表第1/36页，20 条
[cc0cd] [360][电影][恐怖片] 列表第1/24页，20 条
[cc0cd] [360][电影][剧情片] 列表第1/829页，20 条
[cc0cd] [360][电影][战争片] 列表第1/11页，20 条
[cc0cd] [360][剧集][国产剧] 列表第1/220页，20 条
[cc0cd] [360][剧集][香港剧] 列表第1/5页，20 条
[cc0cd] [360][剧集][韩国剧] 列表第1/16页，20 条
[cc0cd] [360][剧集][欧美剧] 列表第1/41页，20 条
[cc0cd] [360][电影][惊悚片] 列表第1/34页，20 条
[cc0cd] [360][电影][古装片] 列表第1/5页，20 条
[cc0cd] [360][电影][历史片] 列表第1/4页，20 条
[cc0cd] [360][电影][悬疑片] 列表第1/39页，20 条
[cc0cd] [360][电影][犯罪片] 列表第1/33页，20 条
[cc0cd] [360][电影][灾难片] 列表第1/1页，10 条
[cc0cd] [360][电影][纪录片] 列表第1/33页，20 条
[cc0cd] [360][电影][短片] 列表第1/10页，20 条
[cc0cd] [360][动漫][动画片] 列表第1/25页，20 条
[cc0cd] [360][剧集][台湾剧] 列表第1/9页，20 条
[cc0cd] [360][剧集][日本剧] 列表第1/21页，20 条
[cc0cd] [360][剧集][海外剧] 列表第1/6页，20 条
[cc0cd] [360][剧集][泰国剧] 列表第1/14页，20 条
[cc0cd] [360][综艺][大陆综艺] 列表第1/76页，20 条
[cc0cd] [360][综艺][港台综艺] 列表第1/3页，20 条
[cc0cd] [360][综艺][日韩综艺] 列表第1/9页，20 条
[cc0cd] [360][综艺][欧美综艺] 列表第1/1页，9 条
[cc0cd] [360][动漫][国产动漫] 列表第1/133页，20 条
[cc0cd] [360][动漫][欧美动漫] 列表第1/4页，20 条
[cc0cd] [360][动漫][日韩动漫] 列表第1/68页，20 条
[cc0cd] [360][电影][西部片] 列表第1/3页，20 条
[cc0cd] [旺旺] 类型映射 电影:电影,动作片,喜剧片 | 剧集:电视剧,国产剧,欧美剧 | 综艺:综艺,大陆综艺,日韩综艺 | 动漫:动漫,国产动漫,日韩动漫
[cc0cd] [旺旺][电影][动作片] 列表第1/252页，20 条
[cc0cd] [旺旺][电影][喜剧片] 列表第1/71页，20 条
[cc0cd] [旺旺][电影][爱情片] 列表第1/69页，20 条
[cc0cd] [旺旺][电影][科幻片] 列表第1/61页，20 条
[cc0cd] [旺旺][电影][恐怖片] 列表第1/236页，20 条
[cc0cd] [旺旺][电影][剧情片] 列表第1/1140页，20 条
[cc0cd] [旺旺][电影][战争片] 列表第1/21页，20 条
[cc0cd] [旺旺][剧集][国产剧] 列表第1/240页，20 条
[cc0cd] [旺旺][剧集][欧美剧] 列表第1/38页，20 条
[cc0cd] [旺旺][剧集][韩国剧] 列表第1/45页，20 条
[cc0cd] [旺旺][剧集][日本剧] 列表第1/43页，20 条
[cc0cd] [旺旺][剧集][港台剧] 列表第1/82页，20 条
[cc0cd] [旺旺][剧集][台湾剧] 列表第1/11页，20 条
[cc0cd] [旺旺][剧集][泰国剧] 列表第1/41页，20 条
[cc0cd] [旺旺][电影][纪录片] 列表第1/119页，20 条
[cc0cd] [旺旺][剧集][海外剧] 列表第1/5页，20 条
[cc0cd] [旺旺][综艺][大陆综艺] 列表第1/18页，20 条
[cc0cd] [旺旺][综艺][日韩综艺] 列表第1/9页，20 条
[cc0cd] [旺旺][综艺][港台综艺] 列表第1/3页，20 条
[cc0cd] [旺旺][综艺][欧美综艺] 列表第1/3页，20 条
[cc0cd] [旺旺][动漫][国产动漫] 列表第1/26页，20 条
[cc0cd] [旺旺][动漫][日韩动漫] 列表第1/43页，20 条
[cc0cd] [旺旺][动漫][欧美动漫] 列表第1/53页，20 条
[cc0cd] [旺旺][动漫][动画片] 列表第1/65页，20 条
[cc0cd] [旺旺][动漫][港台动漫] 列表第1/2页，20 条
[cc0cd] [旺旺][剧集][反转爽剧] 列表第1/210页，20 条
[cc0cd] [旺旺][剧集] 详情批量失败: <urlopen error _ssl.c:1015: The handshake operation timed out>
[cc0cd] [旺旺][电影][邵氏电影] 列表第1页失败: <urlopen error _ssl.c:1015: The handshake operation timed out>
[cc0cd] [如意] 类型映射 电影:电影片,动作片,喜剧片 | 剧集:连续剧,国产剧,香港剧 | 综艺:综艺片,大陆综艺,港台综艺 | 动漫:动漫片,国产动漫,日韩动漫
[cc0cd] [如意][电影][电影片] 列表第1/1页，1 条
[cc0cd] [如意][综艺][综艺片] 列表第1/1页，3 条
[cc0cd] [如意][电影][动作片] 列表第1/162页，20 条
[cc0cd] [如意][电影][喜剧片] 列表第1/207页，20 条
[cc0cd] [如意][电影][爱情片] 列表第1/113页，20 条
[cc0cd] [如意][电影][科幻片] 列表第1/40页，20 条
[cc0cd] [如意][电影][恐怖片] 列表第1/119页，20 条
[cc0cd] [如意][电影][剧情片] 列表第1/411页，20 条
[cc0cd] [如意][电影][战争片] 列表第1/29页，20 条
[cc0cd] [如意][剧集][国产剧] 列表第1/198页，20 条
[cc0cd] [如意][剧集][香港剧] 列表第1/14页，20 条
[cc0cd] [如意][剧集][韩国剧] 列表第1/57页，20 条
[cc0cd] [如意][剧集][欧美剧] 列表第1/115页，20 条
[cc0cd] [如意][电影][记录片] 列表第1/76页，20 条
[cc0cd] [如意][剧集][台湾剧] 列表第1/11页，20 条
[cc0cd] [如意][剧集][日本剧] 列表第1/63页，20 条
[cc0cd] [如意][剧集][海外剧] 列表第1/18页，20 条
[cc0cd] [如意][剧集][泰国剧] 列表第1/31页，20 条
[cc0cd] [如意][综艺][大陆综艺] 列表第1/163页，20 条
[cc0cd] [如意][综艺][港台综艺] 列表第1/15页，20 条
[cc0cd] [如意][综艺][日韩综艺] 列表第1/21页，20 条
[cc0cd] [如意][综艺][欧美综艺] 列表第1/18页，20 条
[cc0cd] [如意][动漫][国产动漫] 列表第1/80页，20 条
[cc0cd] [如意][动漫][日韩动漫] 列表第1/156页，20 条
[cc0cd] [如意][动漫][欧美动漫] 列表第1/29页，20 条
[cc0cd] [如意][动漫][港台动漫] 列表第1/1页，9 条
[cc0cd] [如意][动漫][海外动漫] 列表第1/2页，20 条
[cc0cd] [如意][电影][预告片] 列表第1/3页，20 条
[cc0cd] [如意][动漫][动画电影] 列表第1/76页，20 条
[cc0cd] [率率] 类型映射 电影:电影,动作片,喜剧片 | 剧集:电视剧,国产剧,欧美剧 | 综艺:综艺,大陆综艺,日韩综艺 | 动漫:动漫,国产动漫,日韩动漫
[cc0cd] [率率][电影][动作片] 列表第1/283页，20 条
[cc0cd] [率率][电影][喜剧片] 列表第1/465页，20 条
[cc0cd] [率率][电影][爱情片] 列表第1/70页，20 条
[cc0cd] [率率][电影][科幻片] 列表第1/63页，20 条
[cc0cd] [率率][电影][恐怖片] 列表第1/240页，20 条
[cc0cd] [率率][电影][剧情片] 列表第1/1298页，20 条
[cc0cd] [率率][电影][战争片] 列表第1/21页，20 条
[cc0cd] [率率][剧集][国产剧] 列表第1/432页，20 条
[cc0cd] [率率][剧集][欧美剧] 列表第1/173页，20 条
[cc0cd] [率率][剧集][韩剧] 列表第1/46页，20 条
[cc0cd] [率率][剧集][日剧] 列表第1/88页，20 条
[cc0cd] [率率][剧集][港剧] 列表第1/85页，20 条
[cc0cd] [率率][剧集][台剧] 列表第1/18页，20 条
[cc0cd] [率率][剧集][泰剧] 列表第1/46页，20 条
[cc0cd] [率率][电影][纪录片] 列表第1/124页，20 条
[cc0cd] [率率][剧集][海外剧] 列表第1/9页，20 条
[cc0cd] [率率][综艺][大陆综艺] 列表第1/133页，20 条
[cc0cd] [率率][综艺][日韩综艺] 列表第1/20页，20 条
[cc0cd] [率率][综艺][港台综艺] 列表第1/9页，20 条
[cc0cd] [率率][综艺][欧美综艺] 列表第1/25页，20 条
[cc0cd] [率率][动漫][国产动漫] 列表第1/84页，20 条
[cc0cd] [率率][动漫][日韩动漫] 列表第1/225页，20 条
[cc0cd] [率率][动漫][欧美动漫] 列表第1/53页，20 条
[cc0cd] [率率][动漫][动画片] 列表第1/71页，20 条
[cc0cd] [率率][动漫][港台动漫] 列表第1/2页，20 条
[cc0cd] [率率][动漫][海外动漫] 列表第1/4页，20 条
[cc0cd] [率率][电影][预告片] 列表第1/33页，20 条
[cc0cd] [率率][电影][4K电影] 列表第1/42页，20 条
[cc0cd] [率率][动漫][有声动漫] 列表第1/71页，20 条
[cc0cd] [率率][剧集][反转爽剧] 列表第1/232页，20 条
[cc0cd] [率率][电影][邵氏电影] 列表第1/29页，20 条
[cc0cd] [率率][电影][Netflix电影] 列表第1/7页，20 条
[cc0cd] [率率][剧集][Netflix自制剧] 列表第1/12页，20 条
[cc0cd] 完成，共抓取 2312 条可入库资源（各源 360:619, 旺旺:500, 如意:533, 率率:660）
[OK] cc0cd 聚合采集: 抓取 2312 条
  电影数量: 891 | 电视剧数量: 680 | 动漫数量: 429 | 综艺数量: 312
  新增: 2312 | 重复(已存在): 0 | 过滤(黑名单/无效): 0 | 请求失败: 2
[自检通过] movie.m3u: 655 条资源 / 179 个分组（原始 891 条，去重 236 条）
[自检通过] tv.m3u: 360 条资源 / 76 个分组（原始 680 条，去重 320 条）
[自检通过] anime.m3u: 286 条资源 / 68 个分组（原始 429 条，去重 143 条）
[自检通过] variety.m3u: 194 条资源 / 40 个分组（原始 312 条，去重 118 条）
[OK] 已重新生成 C:\Users\win11\WorkBuddy\2026-08-20-15-02-10\m3u-library\output\movie.m3u
[OK] 已重新生成 C:\Users\win11\WorkBuddy\2026-08-20-15-02-10\m3u-library\output\movie.txt
[OK] 已重新生成 C:\Users\win11\WorkBuddy\2026-08-20-15-02-10\m3u-library\output\tv.m3u
[OK] 已重新生成 C:\Users\win11\WorkBuddy\2026-08-20-15-02-10\m3u-library\output\tv.txt
[OK] 已重新生成 C:\Users\win11\WorkBuddy\2026-08-20-15-02-10\m3u-library\output\anime.m3u
[OK] 已重新生成 C:\Users\win11\WorkBuddy\2026-08-20-15-02-10\m3u-library\output\anime.txt
[OK] 已重新生成 C:\Users\win11\WorkBuddy\2026-08-20-15-02-10\m3u-library\output\variety.m3u
[OK] 已重新生成 C:\Users\win11\WorkBuddy\2026-08-20-15-02-10\m3u-library\output\variety.txt
